// Jest Snapshot v1, https://goo.gl/fbAQLP

exports[`LoginForm Renders correctly 1`] = `
<div
  className="container"
  style={
    Object {
      "position": "relative",
    }
  }
>
  <form
    className="mb-5 mx-auto d-flex flex-column"
    onSubmit={[Function]}
    style={
      Object {
        "maxWidth": "600px",
      }
    }
  >
    <small
      className="form-text"
    >
      Enter your login Information:
    </small>
    <div
      className="form-group"
    >
      <div
        className="row"
      >
        <label
          className="form-label col-form-label col-sm-2"
          htmlFor="username"
        >
          E-mail:
        </label>
        <div
          className="col"
        >
          <input
            className="form-control"
            id="username"
            name="username"
            onBlur={[Function]}
            onChange={[Function]}
            onFocus={[Function]}
            onKeyDown={[Function]}
            placeholder="somebody@somewhere.com"
            required={true}
            type="email"
            value=""
          />
        </div>
      </div>
    </div>
    <div
      className="form-group"
    >
      <div
        className="row"
      >
        <label
          className="form-label col-form-label col-sm-2"
          htmlFor="password"
        >
          Password:
        </label>
        <div
          className="col"
        >
          <input
            className="form-control"
            id="password"
            name="password"
            onBlur={[Function]}
            onChange={[Function]}
            onFocus={[Function]}
            onKeyDown={[Function]}
            placeholder="Password"
            required={true}
            type="password"
            value=""
          />
        </div>
      </div>
    </div>
    <button
      className="ml-auto btn btn-light"
      disabled={false}
      type="submit"
    >
      Login
    </button>
  </form>
</div>
`;
